// Jest Snapshot v1, https://goo.gl/fbAQLP

exports[`snapshot should work 1`] = `
<div
  id="root0"
>
  <p>
     simple-with-styles works!

  </p>
</div>
`;
