// Jest Snapshot v1, https://goo.gl/fbAQLP

exports[`CalcComponent should snap 1`] = `
<app-calc
  hasAClass="false"
  image={[Function String]}
  prop1={[Function Number]}
>
  <p
    class="a-default-class"
    ng-reflect-klass="a-default-class"
    ng-reflect-ng-class="[object Object]"
  >
     calc works! 1337 another text node test-image-stub 
  </p>
</app-calc>
`;
