// Jest Snapshot v1, https://goo.gl/fbAQLP

exports[`BannerComponent (inline template) should display the component 1`] = `
<div
  id="root1"
>
  <h1>
    Test Tour of Heroes
  </h1>
</div>
`;
