// Jest Snapshot v1, https://goo.gl/fbAQLP

exports[`AppComponent snaps 1`] = `
<app-root
  __ngContext__={[Function LRootView]}
  hasClass={[Function Boolean]}
  title={[Function String]}
  variableWithPrecedingDolar={[Function Number]}
>
  <h1>
     app works! 
    <app-calc
      class="custom-class25-0 margin-rem3-0"
    />
    <span>
      aaa $1234
    </span>
    <span
      style=""
    >
      ddd
    </span>
    
     \`test'chars""
  
  </h1>
</app-root>
`;
